
> cv-modern@0.1.0 start
> react-scripts start

Browserslist: caniuse-lite is outdated. Please run:
  npx update-browserslist-db@latest
  Why you should do it regularly: https://github.com/browserslist/update-db#readme
(node:23564) [DEP_WEBPACK_DEV_SERVER_ON_AFTER_SETUP_MIDDLEWARE] DeprecationWarning: 'onAfterSetupMiddleware' option is deprecated. Please use the 'setupMiddlewares' option.
(Use `node --trace-deprecation ...` to show where the warning was created)
(node:23564) [DEP_WEBPACK_DEV_SERVER_ON_BEFORE_SETUP_MIDDLEWARE] DeprecationWarning: 'onBeforeSetupMiddleware' option is deprecated. Please use the 'setupMiddlewares' option.
Starting the development server...

Compiled successfully!

You can now view cv-modern in the browser.

  Local:            http://localhost:3000
  On Your Network:  http://10.5.0.2:3000

Note that the development build is not optimized.
To create a production build, use npm run build.

webpack compiled [1m[32msuccessfully[39m[22m
Compiling...
Compiled successfully!
webpack compiled [1m[32msuccessfully[39m[22m
Compiling...
Compiled successfully!
[1mLOG from ./node_modules/sass-loader/dist/cjs.js sass-loader ./node_modules/css-loader/dist/cjs.js??ruleSet[1].rules[1].oneOf[7].use[1]!./node_modules/postcss-loader/dist/cjs.js??ruleSet[1].rules[1].oneOf[7].use[2]!./node_modules/resolve-url-loader/index.js??ruleSet[1].rules[1].oneOf[7].use[3]!./node_modules/sass-loader/dist/cjs.js??ruleSet[1].rules[1].oneOf[7].use[4]!./src/styles/styles.scss[39m[22m
<w> [1m[33mDeprecation Sass's behavior for declarations that appear after nested[39m[22m
<w> [1m[33mrules will be changing to match the behavior specified by CSS in an upcoming[39m[22m
<w> [1m[33mversion. To keep the existing behavior, move the declaration above the nested[39m[22m
<w> [1m[33mrule. To opt into the new behavior, wrap the declaration in `& {}`.[39m[22m
<w> [1m[33m[39m[22m
<w> [1m[33mMore info: https://sass-lang.com/d/mixed-decls[39m[22m
<w> [1m[33m[39m[22m
<w> [1m[33msrc\styles\components\_navigation.scss 69:3  @import[39m[22m
<w> [1m[33msrc\styles\styles.scss 10:9                  root stylesheet[39m[22m
<w> [1m[33m[39m[22m
<w> [1m[33mDeprecation Sass's behavior for declarations that appear after nested[39m[22m
<w> [1m[33mrules will be changing to match the behavior specified by CSS in an upcoming[39m[22m
<w> [1m[33mversion. To keep the existing behavior, move the declaration above the nested[39m[22m
<w> [1m[33mrule. To opt into the new behavior, wrap the declaration in `& {}`.[39m[22m
<w> [1m[33m[39m[22m
<w> [1m[33mMore info: https://sass-lang.com/d/mixed-decls[39m[22m
<w> [1m[33m[39m[22m
<w> [1m[33msrc\styles\components\_navigation.scss 70:3  @import[39m[22m
<w> [1m[33msrc\styles\styles.scss 10:9                  root stylesheet[39m[22m
<w> [1m[33m[39m[22m
<w> [1m[33mDeprecation Sass's behavior for declarations that appear after nested[39m[22m
<w> [1m[33mrules will be changing to match the behavior specified by CSS in an upcoming[39m[22m
<w> [1m[33mversion. To keep the existing behavior, move the declaration above the nested[39m[22m
<w> [1m[33mrule. To opt into the new behavior, wrap the declaration in `& {}`.[39m[22m
<w> [1m[33m[39m[22m
<w> [1m[33mMore info: https://sass-lang.com/d/mixed-decls[39m[22m
<w> [1m[33m[39m[22m
<w> [1m[33msrc\styles\components\_navigation.scss 71:3  @import[39m[22m
<w> [1m[33msrc\styles\styles.scss 10:9                  root stylesheet[39m[22m
<w> [1m[33m[39m[22m
<w> [1m[33mDeprecation Sass's behavior for declarations that appear after nested[39m[22m
<w> [1m[33mrules will be changing to match the behavior specified by CSS in an upcoming[39m[22m
<w> [1m[33mversion. To keep the existing behavior, move the declaration above the nested[39m[22m
<w> [1m[33mrule. To opt into the new behavior, wrap the declaration in `& {}`.[39m[22m
<w> [1m[33m[39m[22m
<w> [1m[33mMore info: https://sass-lang.com/d/mixed-decls[39m[22m
<w> [1m[33m[39m[22m
<w> [1m[33msrc\styles\components\_navigation.scss 72:3  @import[39m[22m
<w> [1m[33msrc\styles\styles.scss 10:9                  root stylesheet[39m[22m
<w> [1m[33m[39m[22m
<w> [1m[33mDeprecation Sass's behavior for declarations that appear after nested[39m[22m
<w> [1m[33mrules will be changing to match the behavior specified by CSS in an upcoming[39m[22m
<w> [1m[33mversion. To keep the existing behavior, move the declaration above the nested[39m[22m
<w> [1m[33mrule. To opt into the new behavior, wrap the declaration in `& {}`.[39m[22m
<w> [1m[33m[39m[22m
<w> [1m[33mMore info: https://sass-lang.com/d/mixed-decls[39m[22m
<w> [1m[33m[39m[22m
<w> [1m[33msrc\styles\components\_navigation.scss 78:3  @import[39m[22m
<w> [1m[33msrc\styles\styles.scss 10:9                  root stylesheet[39m[22m
<w> [1m[33m[39m[22m
<w> [1m[33m1 repetitive deprecation warnings omitted.[39m[22m
<w> [1m[33m[39m[22m
<w> [1m[33mnull[39m[22m

webpack compiled [1m[32msuccessfully[39m[22m
Compiling...
Compiled successfully!
webpack compiled [1m[32msuccessfully[39m[22m
Compiling...
Compiled successfully!
webpack compiled [1m[32msuccessfully[39m[22m
Compiling...
Compiled successfully!
webpack compiled [1m[32msuccessfully[39m[22m
Compiling...
Compiled successfully!
webpack compiled [1m[32msuccessfully[39m[22m
Compiling...
Compiled successfully!
webpack compiled [1m[32msuccessfully[39m[22m
Compiling...
Compiled successfully!
webpack compiled [1m[32msuccessfully[39m[22m
Compiling...
Compiled successfully!
webpack compiled [1m[32msuccessfully[39m[22m
Compiling...
Compiled successfully!
webpack compiled [1m[32msuccessfully[39m[22m
Compiling...
Compiled successfully!
webpack compiled [1m[32msuccessfully[39m[22m
Compiling...
Compiled successfully!
webpack compiled [1m[32msuccessfully[39m[22m
Compiling...
Compiled successfully!
webpack compiled [1m[32msuccessfully[39m[22m
Compiling...
Compiled successfully!
webpack compiled [1m[32msuccessfully[39m[22m
Compiling...
Compiled successfully!
[1mLOG from ./node_modules/sass-loader/dist/cjs.js sass-loader ./node_modules/css-loader/dist/cjs.js??ruleSet[1].rules[1].oneOf[7].use[1]!./node_modules/postcss-loader/dist/cjs.js??ruleSet[1].rules[1].oneOf[7].use[2]!./node_modules/resolve-url-loader/index.js??ruleSet[1].rules[1].oneOf[7].use[3]!./node_modules/sass-loader/dist/cjs.js??ruleSet[1].rules[1].oneOf[7].use[4]!./src/styles/styles.scss[39m[22m
<w> [1m[33mDeprecation Sass's behavior for declarations that appear after nested[39m[22m
<w> [1m[33mrules will be changing to match the behavior specified by CSS in an upcoming[39m[22m
<w> [1m[33mversion. To keep the existing behavior, move the declaration above the nested[39m[22m
<w> [1m[33mrule. To opt into the new behavior, wrap the declaration in `& {}`.[39m[22m
<w> [1m[33m[39m[22m
<w> [1m[33mMore info: https://sass-lang.com/d/mixed-decls[39m[22m
<w> [1m[33m[39m[22m
<w> [1m[33msrc\styles\components\_navigation.scss 69:3  @import[39m[22m
<w> [1m[33msrc\styles\styles.scss 10:9                  root stylesheet[39m[22m
<w> [1m[33m[39m[22m
<w> [1m[33mDeprecation Sass's behavior for declarations that appear after nested[39m[22m
<w> [1m[33mrules will be changing to match the behavior specified by CSS in an upcoming[39m[22m
<w> [1m[33mversion. To keep the existing behavior, move the declaration above the nested[39m[22m
<w> [1m[33mrule. To opt into the new behavior, wrap the declaration in `& {}`.[39m[22m
<w> [1m[33m[39m[22m
<w> [1m[33mMore info: https://sass-lang.com/d/mixed-decls[39m[22m
<w> [1m[33m[39m[22m
<w> [1m[33msrc\styles\components\_navigation.scss 70:3  @import[39m[22m
<w> [1m[33msrc\styles\styles.scss 10:9                  root stylesheet[39m[22m
<w> [1m[33m[39m[22m
<w> [1m[33mDeprecation Sass's behavior for declarations that appear after nested[39m[22m
<w> [1m[33mrules will be changing to match the behavior specified by CSS in an upcoming[39m[22m
<w> [1m[33mversion. To keep the existing behavior, move the declaration above the nested[39m[22m
<w> [1m[33mrule. To opt into the new behavior, wrap the declaration in `& {}`.[39m[22m
<w> [1m[33m[39m[22m
<w> [1m[33mMore info: https://sass-lang.com/d/mixed-decls[39m[22m
<w> [1m[33m[39m[22m
<w> [1m[33msrc\styles\components\_navigation.scss 71:3  @import[39m[22m
<w> [1m[33msrc\styles\styles.scss 10:9                  root stylesheet[39m[22m
<w> [1m[33m[39m[22m
<w> [1m[33mDeprecation Sass's behavior for declarations that appear after nested[39m[22m
<w> [1m[33mrules will be changing to match the behavior specified by CSS in an upcoming[39m[22m
<w> [1m[33mversion. To keep the existing behavior, move the declaration above the nested[39m[22m
<w> [1m[33mrule. To opt into the new behavior, wrap the declaration in `& {}`.[39m[22m
<w> [1m[33m[39m[22m
<w> [1m[33mMore info: https://sass-lang.com/d/mixed-decls[39m[22m
<w> [1m[33m[39m[22m
<w> [1m[33msrc\styles\components\_navigation.scss 72:3  @import[39m[22m
<w> [1m[33msrc\styles\styles.scss 10:9                  root stylesheet[39m[22m
<w> [1m[33m[39m[22m
<w> [1m[33mDeprecation Sass's behavior for declarations that appear after nested[39m[22m
<w> [1m[33mrules will be changing to match the behavior specified by CSS in an upcoming[39m[22m
<w> [1m[33mversion. To keep the existing behavior, move the declaration above the nested[39m[22m
<w> [1m[33mrule. To opt into the new behavior, wrap the declaration in `& {}`.[39m[22m
<w> [1m[33m[39m[22m
<w> [1m[33mMore info: https://sass-lang.com/d/mixed-decls[39m[22m
<w> [1m[33m[39m[22m
<w> [1m[33msrc\styles\components\_navigation.scss 78:3  @import[39m[22m
<w> [1m[33msrc\styles\styles.scss 10:9                  root stylesheet[39m[22m
<w> [1m[33m[39m[22m
<w> [1m[33m1 repetitive deprecation warnings omitted.[39m[22m
<w> [1m[33m[39m[22m
<w> [1m[33mnull[39m[22m

webpack compiled [1m[32msuccessfully[39m[22m
Compiling...
Compiled successfully!
webpack compiled [1m[32msuccessfully[39m[22m
Compiling...
Compiled successfully!
[1mLOG from ./node_modules/sass-loader/dist/cjs.js sass-loader ./node_modules/css-loader/dist/cjs.js??ruleSet[1].rules[1].oneOf[7].use[1]!./node_modules/postcss-loader/dist/cjs.js??ruleSet[1].rules[1].oneOf[7].use[2]!./node_modules/resolve-url-loader/index.js??ruleSet[1].rules[1].oneOf[7].use[3]!./node_modules/sass-loader/dist/cjs.js??ruleSet[1].rules[1].oneOf[7].use[4]!./src/styles/styles.scss[39m[22m
<w> [1m[33mDeprecation Sass's behavior for declarations that appear after nested[39m[22m
<w> [1m[33mrules will be changing to match the behavior specified by CSS in an upcoming[39m[22m
<w> [1m[33mversion. To keep the existing behavior, move the declaration above the nested[39m[22m
<w> [1m[33mrule. To opt into the new behavior, wrap the declaration in `& {}`.[39m[22m
<w> [1m[33m[39m[22m
<w> [1m[33mMore info: https://sass-lang.com/d/mixed-decls[39m[22m
<w> [1m[33m[39m[22m
<w> [1m[33msrc\styles\components\_navigation.scss 69:3  @import[39m[22m
<w> [1m[33msrc\styles\styles.scss 10:9                  root stylesheet[39m[22m
<w> [1m[33m[39m[22m
<w> [1m[33mDeprecation Sass's behavior for declarations that appear after nested[39m[22m
<w> [1m[33mrules will be changing to match the behavior specified by CSS in an upcoming[39m[22m
<w> [1m[33mversion. To keep the existing behavior, move the declaration above the nested[39m[22m
<w> [1m[33mrule. To opt into the new behavior, wrap the declaration in `& {}`.[39m[22m
<w> [1m[33m[39m[22m
<w> [1m[33mMore info: https://sass-lang.com/d/mixed-decls[39m[22m
<w> [1m[33m[39m[22m
<w> [1m[33msrc\styles\components\_navigation.scss 70:3  @import[39m[22m
<w> [1m[33msrc\styles\styles.scss 10:9                  root stylesheet[39m[22m
<w> [1m[33m[39m[22m
<w> [1m[33mDeprecation Sass's behavior for declarations that appear after nested[39m[22m
<w> [1m[33mrules will be changing to match the behavior specified by CSS in an upcoming[39m[22m
<w> [1m[33mversion. To keep the existing behavior, move the declaration above the nested[39m[22m
<w> [1m[33mrule. To opt into the new behavior, wrap the declaration in `& {}`.[39m[22m
<w> [1m[33m[39m[22m
<w> [1m[33mMore info: https://sass-lang.com/d/mixed-decls[39m[22m
<w> [1m[33m[39m[22m
<w> [1m[33msrc\styles\components\_navigation.scss 71:3  @import[39m[22m
<w> [1m[33msrc\styles\styles.scss 10:9                  root stylesheet[39m[22m
<w> [1m[33m[39m[22m
<w> [1m[33mDeprecation Sass's behavior for declarations that appear after nested[39m[22m
<w> [1m[33mrules will be changing to match the behavior specified by CSS in an upcoming[39m[22m
<w> [1m[33mversion. To keep the existing behavior, move the declaration above the nested[39m[22m
<w> [1m[33mrule. To opt into the new behavior, wrap the declaration in `& {}`.[39m[22m
<w> [1m[33m[39m[22m
<w> [1m[33mMore info: https://sass-lang.com/d/mixed-decls[39m[22m
<w> [1m[33m[39m[22m
<w> [1m[33msrc\styles\components\_navigation.scss 72:3  @import[39m[22m
<w> [1m[33msrc\styles\styles.scss 10:9                  root stylesheet[39m[22m
<w> [1m[33m[39m[22m
<w> [1m[33mDeprecation Sass's behavior for declarations that appear after nested[39m[22m
<w> [1m[33mrules will be changing to match the behavior specified by CSS in an upcoming[39m[22m
<w> [1m[33mversion. To keep the existing behavior, move the declaration above the nested[39m[22m
<w> [1m[33mrule. To opt into the new behavior, wrap the declaration in `& {}`.[39m[22m
<w> [1m[33m[39m[22m
<w> [1m[33mMore info: https://sass-lang.com/d/mixed-decls[39m[22m
<w> [1m[33m[39m[22m
<w> [1m[33msrc\styles\components\_navigation.scss 78:3  @import[39m[22m
<w> [1m[33msrc\styles\styles.scss 10:9                  root stylesheet[39m[22m
<w> [1m[33m[39m[22m
<w> [1m[33m1 repetitive deprecation warnings omitted.[39m[22m
<w> [1m[33m[39m[22m
<w> [1m[33mnull[39m[22m

webpack compiled [1m[32msuccessfully[39m[22m
Compiling...
Compiled successfully!
webpack compiled [1m[32msuccessfully[39m[22m
Compiling...
Compiled successfully!
[1mLOG from ./node_modules/sass-loader/dist/cjs.js sass-loader ./node_modules/css-loader/dist/cjs.js??ruleSet[1].rules[1].oneOf[7].use[1]!./node_modules/postcss-loader/dist/cjs.js??ruleSet[1].rules[1].oneOf[7].use[2]!./node_modules/resolve-url-loader/index.js??ruleSet[1].rules[1].oneOf[7].use[3]!./node_modules/sass-loader/dist/cjs.js??ruleSet[1].rules[1].oneOf[7].use[4]!./src/styles/styles.scss[39m[22m
<w> [1m[33mDeprecation Sass's behavior for declarations that appear after nested[39m[22m
<w> [1m[33mrules will be changing to match the behavior specified by CSS in an upcoming[39m[22m
<w> [1m[33mversion. To keep the existing behavior, move the declaration above the nested[39m[22m
<w> [1m[33mrule. To opt into the new behavior, wrap the declaration in `& {}`.[39m[22m
<w> [1m[33m[39m[22m
<w> [1m[33mMore info: https://sass-lang.com/d/mixed-decls[39m[22m
<w> [1m[33m[39m[22m
<w> [1m[33msrc\styles\components\_navigation.scss 69:3  @import[39m[22m
<w> [1m[33msrc\styles\styles.scss 10:9                  root stylesheet[39m[22m
<w> [1m[33m[39m[22m
<w> [1m[33mDeprecation Sass's behavior for declarations that appear after nested[39m[22m
<w> [1m[33mrules will be changing to match the behavior specified by CSS in an upcoming[39m[22m
<w> [1m[33mversion. To keep the existing behavior, move the declaration above the nested[39m[22m
<w> [1m[33mrule. To opt into the new behavior, wrap the declaration in `& {}`.[39m[22m
<w> [1m[33m[39m[22m
<w> [1m[33mMore info: https://sass-lang.com/d/mixed-decls[39m[22m
<w> [1m[33m[39m[22m
<w> [1m[33msrc\styles\components\_navigation.scss 70:3  @import[39m[22m
<w> [1m[33msrc\styles\styles.scss 10:9                  root stylesheet[39m[22m
<w> [1m[33m[39m[22m
<w> [1m[33mDeprecation Sass's behavior for declarations that appear after nested[39m[22m
<w> [1m[33mrules will be changing to match the behavior specified by CSS in an upcoming[39m[22m
<w> [1m[33mversion. To keep the existing behavior, move the declaration above the nested[39m[22m
<w> [1m[33mrule. To opt into the new behavior, wrap the declaration in `& {}`.[39m[22m
<w> [1m[33m[39m[22m
<w> [1m[33mMore info: https://sass-lang.com/d/mixed-decls[39m[22m
<w> [1m[33m[39m[22m
<w> [1m[33msrc\styles\components\_navigation.scss 71:3  @import[39m[22m
<w> [1m[33msrc\styles\styles.scss 10:9                  root stylesheet[39m[22m
<w> [1m[33m[39m[22m
<w> [1m[33mDeprecation Sass's behavior for declarations that appear after nested[39m[22m
<w> [1m[33mrules will be changing to match the behavior specified by CSS in an upcoming[39m[22m
<w> [1m[33mversion. To keep the existing behavior, move the declaration above the nested[39m[22m
<w> [1m[33mrule. To opt into the new behavior, wrap the declaration in `& {}`.[39m[22m
<w> [1m[33m[39m[22m
<w> [1m[33mMore info: https://sass-lang.com/d/mixed-decls[39m[22m
<w> [1m[33m[39m[22m
<w> [1m[33msrc\styles\components\_navigation.scss 72:3  @import[39m[22m
<w> [1m[33msrc\styles\styles.scss 10:9                  root stylesheet[39m[22m
<w> [1m[33m[39m[22m
<w> [1m[33mDeprecation Sass's behavior for declarations that appear after nested[39m[22m
<w> [1m[33mrules will be changing to match the behavior specified by CSS in an upcoming[39m[22m
<w> [1m[33mversion. To keep the existing behavior, move the declaration above the nested[39m[22m
<w> [1m[33mrule. To opt into the new behavior, wrap the declaration in `& {}`.[39m[22m
<w> [1m[33m[39m[22m
<w> [1m[33mMore info: https://sass-lang.com/d/mixed-decls[39m[22m
<w> [1m[33m[39m[22m
<w> [1m[33msrc\styles\components\_navigation.scss 78:3  @import[39m[22m
<w> [1m[33msrc\styles\styles.scss 10:9                  root stylesheet[39m[22m
<w> [1m[33m[39m[22m
<w> [1m[33m1 repetitive deprecation warnings omitted.[39m[22m
<w> [1m[33m[39m[22m
<w> [1m[33mnull[39m[22m

webpack compiled [1m[32msuccessfully[39m[22m
Compiling...
Compiled successfully!
webpack compiled [1m[32msuccessfully[39m[22m
Compiling...
Compiled successfully!
[1mLOG from ./node_modules/sass-loader/dist/cjs.js sass-loader ./node_modules/css-loader/dist/cjs.js??ruleSet[1].rules[1].oneOf[7].use[1]!./node_modules/postcss-loader/dist/cjs.js??ruleSet[1].rules[1].oneOf[7].use[2]!./node_modules/resolve-url-loader/index.js??ruleSet[1].rules[1].oneOf[7].use[3]!./node_modules/sass-loader/dist/cjs.js??ruleSet[1].rules[1].oneOf[7].use[4]!./src/styles/styles.scss[39m[22m
<w> [1m[33mDeprecation Sass's behavior for declarations that appear after nested[39m[22m
<w> [1m[33mrules will be changing to match the behavior specified by CSS in an upcoming[39m[22m
<w> [1m[33mversion. To keep the existing behavior, move the declaration above the nested[39m[22m
<w> [1m[33mrule. To opt into the new behavior, wrap the declaration in `& {}`.[39m[22m
<w> [1m[33m[39m[22m
<w> [1m[33mMore info: https://sass-lang.com/d/mixed-decls[39m[22m
<w> [1m[33m[39m[22m
<w> [1m[33msrc\styles\components\_navigation.scss 69:3  @import[39m[22m
<w> [1m[33msrc\styles\styles.scss 10:9                  root stylesheet[39m[22m
<w> [1m[33m[39m[22m
<w> [1m[33mDeprecation Sass's behavior for declarations that appear after nested[39m[22m
<w> [1m[33mrules will be changing to match the behavior specified by CSS in an upcoming[39m[22m
<w> [1m[33mversion. To keep the existing behavior, move the declaration above the nested[39m[22m
<w> [1m[33mrule. To opt into the new behavior, wrap the declaration in `& {}`.[39m[22m
<w> [1m[33m[39m[22m
<w> [1m[33mMore info: https://sass-lang.com/d/mixed-decls[39m[22m
<w> [1m[33m[39m[22m
<w> [1m[33msrc\styles\components\_navigation.scss 70:3  @import[39m[22m
<w> [1m[33msrc\styles\styles.scss 10:9                  root stylesheet[39m[22m
<w> [1m[33m[39m[22m
<w> [1m[33mDeprecation Sass's behavior for declarations that appear after nested[39m[22m
<w> [1m[33mrules will be changing to match the behavior specified by CSS in an upcoming[39m[22m
<w> [1m[33mversion. To keep the existing behavior, move the declaration above the nested[39m[22m
<w> [1m[33mrule. To opt into the new behavior, wrap the declaration in `& {}`.[39m[22m
<w> [1m[33m[39m[22m
<w> [1m[33mMore info: https://sass-lang.com/d/mixed-decls[39m[22m
<w> [1m[33m[39m[22m
<w> [1m[33msrc\styles\components\_navigation.scss 71:3  @import[39m[22m
<w> [1m[33msrc\styles\styles.scss 10:9                  root stylesheet[39m[22m
<w> [1m[33m[39m[22m
<w> [1m[33mDeprecation Sass's behavior for declarations that appear after nested[39m[22m
<w> [1m[33mrules will be changing to match the behavior specified by CSS in an upcoming[39m[22m
<w> [1m[33mversion. To keep the existing behavior, move the declaration above the nested[39m[22m
<w> [1m[33mrule. To opt into the new behavior, wrap the declaration in `& {}`.[39m[22m
<w> [1m[33m[39m[22m
<w> [1m[33mMore info: https://sass-lang.com/d/mixed-decls[39m[22m
<w> [1m[33m[39m[22m
<w> [1m[33msrc\styles\components\_navigation.scss 72:3  @import[39m[22m
<w> [1m[33msrc\styles\styles.scss 10:9                  root stylesheet[39m[22m
<w> [1m[33m[39m[22m
<w> [1m[33mDeprecation Sass's behavior for declarations that appear after nested[39m[22m
<w> [1m[33mrules will be changing to match the behavior specified by CSS in an upcoming[39m[22m
<w> [1m[33mversion. To keep the existing behavior, move the declaration above the nested[39m[22m
<w> [1m[33mrule. To opt into the new behavior, wrap the declaration in `& {}`.[39m[22m
<w> [1m[33m[39m[22m
<w> [1m[33mMore info: https://sass-lang.com/d/mixed-decls[39m[22m
<w> [1m[33m[39m[22m
<w> [1m[33msrc\styles\components\_navigation.scss 78:3  @import[39m[22m
<w> [1m[33msrc\styles\styles.scss 10:9                  root stylesheet[39m[22m
<w> [1m[33m[39m[22m
<w> [1m[33m1 repetitive deprecation warnings omitted.[39m[22m
<w> [1m[33m[39m[22m
<w> [1m[33mnull[39m[22m

webpack compiled [1m[32msuccessfully[39m[22m
Compiling...
Compiled successfully!
[1mLOG from ./node_modules/sass-loader/dist/cjs.js sass-loader ./node_modules/css-loader/dist/cjs.js??ruleSet[1].rules[1].oneOf[7].use[1]!./node_modules/postcss-loader/dist/cjs.js??ruleSet[1].rules[1].oneOf[7].use[2]!./node_modules/resolve-url-loader/index.js??ruleSet[1].rules[1].oneOf[7].use[3]!./node_modules/sass-loader/dist/cjs.js??ruleSet[1].rules[1].oneOf[7].use[4]!./src/styles/styles.scss[39m[22m
<w> [1m[33mDeprecation Sass's behavior for declarations that appear after nested[39m[22m
<w> [1m[33mrules will be changing to match the behavior specified by CSS in an upcoming[39m[22m
<w> [1m[33mversion. To keep the existing behavior, move the declaration above the nested[39m[22m
<w> [1m[33mrule. To opt into the new behavior, wrap the declaration in `& {}`.[39m[22m
<w> [1m[33m[39m[22m
<w> [1m[33mMore info: https://sass-lang.com/d/mixed-decls[39m[22m
<w> [1m[33m[39m[22m
<w> [1m[33msrc\styles\components\_navigation.scss 69:3  @import[39m[22m
<w> [1m[33msrc\styles\styles.scss 10:9                  root stylesheet[39m[22m
<w> [1m[33m[39m[22m
<w> [1m[33mDeprecation Sass's behavior for declarations that appear after nested[39m[22m
<w> [1m[33mrules will be changing to match the behavior specified by CSS in an upcoming[39m[22m
<w> [1m[33mversion. To keep the existing behavior, move the declaration above the nested[39m[22m
<w> [1m[33mrule. To opt into the new behavior, wrap the declaration in `& {}`.[39m[22m
<w> [1m[33m[39m[22m
<w> [1m[33mMore info: https://sass-lang.com/d/mixed-decls[39m[22m
<w> [1m[33m[39m[22m
<w> [1m[33msrc\styles\components\_navigation.scss 70:3  @import[39m[22m
<w> [1m[33msrc\styles\styles.scss 10:9                  root stylesheet[39m[22m
<w> [1m[33m[39m[22m
<w> [1m[33mDeprecation Sass's behavior for declarations that appear after nested[39m[22m
<w> [1m[33mrules will be changing to match the behavior specified by CSS in an upcoming[39m[22m
<w> [1m[33mversion. To keep the existing behavior, move the declaration above the nested[39m[22m
<w> [1m[33mrule. To opt into the new behavior, wrap the declaration in `& {}`.[39m[22m
<w> [1m[33m[39m[22m
<w> [1m[33mMore info: https://sass-lang.com/d/mixed-decls[39m[22m
<w> [1m[33m[39m[22m
<w> [1m[33msrc\styles\components\_navigation.scss 71:3  @import[39m[22m
<w> [1m[33msrc\styles\styles.scss 10:9                  root stylesheet[39m[22m
<w> [1m[33m[39m[22m
<w> [1m[33mDeprecation Sass's behavior for declarations that appear after nested[39m[22m
<w> [1m[33mrules will be changing to match the behavior specified by CSS in an upcoming[39m[22m
<w> [1m[33mversion. To keep the existing behavior, move the declaration above the nested[39m[22m
<w> [1m[33mrule. To opt into the new behavior, wrap the declaration in `& {}`.[39m[22m
<w> [1m[33m[39m[22m
<w> [1m[33mMore info: https://sass-lang.com/d/mixed-decls[39m[22m
<w> [1m[33m[39m[22m
<w> [1m[33msrc\styles\components\_navigation.scss 72:3  @import[39m[22m
<w> [1m[33msrc\styles\styles.scss 10:9                  root stylesheet[39m[22m
<w> [1m[33m[39m[22m
<w> [1m[33mDeprecation Sass's behavior for declarations that appear after nested[39m[22m
<w> [1m[33mrules will be changing to match the behavior specified by CSS in an upcoming[39m[22m
<w> [1m[33mversion. To keep the existing behavior, move the declaration above the nested[39m[22m
<w> [1m[33mrule. To opt into the new behavior, wrap the declaration in `& {}`.[39m[22m
<w> [1m[33m[39m[22m
<w> [1m[33mMore info: https://sass-lang.com/d/mixed-decls[39m[22m
<w> [1m[33m[39m[22m
<w> [1m[33msrc\styles\components\_navigation.scss 78:3  @import[39m[22m
<w> [1m[33msrc\styles\styles.scss 10:9                  root stylesheet[39m[22m
<w> [1m[33m[39m[22m
<w> [1m[33m1 repetitive deprecation warnings omitted.[39m[22m
<w> [1m[33m[39m[22m
<w> [1m[33mnull[39m[22m

webpack compiled [1m[32msuccessfully[39m[22m
Compiling...
Compiled successfully!
[1mLOG from ./node_modules/sass-loader/dist/cjs.js sass-loader ./node_modules/css-loader/dist/cjs.js??ruleSet[1].rules[1].oneOf[7].use[1]!./node_modules/postcss-loader/dist/cjs.js??ruleSet[1].rules[1].oneOf[7].use[2]!./node_modules/resolve-url-loader/index.js??ruleSet[1].rules[1].oneOf[7].use[3]!./node_modules/sass-loader/dist/cjs.js??ruleSet[1].rules[1].oneOf[7].use[4]!./src/styles/styles.scss[39m[22m
<w> [1m[33mDeprecation Sass's behavior for declarations that appear after nested[39m[22m
<w> [1m[33mrules will be changing to match the behavior specified by CSS in an upcoming[39m[22m
<w> [1m[33mversion. To keep the existing behavior, move the declaration above the nested[39m[22m
<w> [1m[33mrule. To opt into the new behavior, wrap the declaration in `& {}`.[39m[22m
<w> [1m[33m[39m[22m
<w> [1m[33mMore info: https://sass-lang.com/d/mixed-decls[39m[22m
<w> [1m[33m[39m[22m
<w> [1m[33msrc\styles\components\_navigation.scss 69:3  @import[39m[22m
<w> [1m[33msrc\styles\styles.scss 10:9                  root stylesheet[39m[22m
<w> [1m[33m[39m[22m
<w> [1m[33mDeprecation Sass's behavior for declarations that appear after nested[39m[22m
<w> [1m[33mrules will be changing to match the behavior specified by CSS in an upcoming[39m[22m
<w> [1m[33mversion. To keep the existing behavior, move the declaration above the nested[39m[22m
<w> [1m[33mrule. To opt into the new behavior, wrap the declaration in `& {}`.[39m[22m
<w> [1m[33m[39m[22m
<w> [1m[33mMore info: https://sass-lang.com/d/mixed-decls[39m[22m
<w> [1m[33m[39m[22m
<w> [1m[33msrc\styles\components\_navigation.scss 70:3  @import[39m[22m
<w> [1m[33msrc\styles\styles.scss 10:9                  root stylesheet[39m[22m
<w> [1m[33m[39m[22m
<w> [1m[33mDeprecation Sass's behavior for declarations that appear after nested[39m[22m
<w> [1m[33mrules will be changing to match the behavior specified by CSS in an upcoming[39m[22m
<w> [1m[33mversion. To keep the existing behavior, move the declaration above the nested[39m[22m
<w> [1m[33mrule. To opt into the new behavior, wrap the declaration in `& {}`.[39m[22m
<w> [1m[33m[39m[22m
<w> [1m[33mMore info: https://sass-lang.com/d/mixed-decls[39m[22m
<w> [1m[33m[39m[22m
<w> [1m[33msrc\styles\components\_navigation.scss 71:3  @import[39m[22m
<w> [1m[33msrc\styles\styles.scss 10:9                  root stylesheet[39m[22m
<w> [1m[33m[39m[22m
<w> [1m[33mDeprecation Sass's behavior for declarations that appear after nested[39m[22m
<w> [1m[33mrules will be changing to match the behavior specified by CSS in an upcoming[39m[22m
<w> [1m[33mversion. To keep the existing behavior, move the declaration above the nested[39m[22m
<w> [1m[33mrule. To opt into the new behavior, wrap the declaration in `& {}`.[39m[22m
<w> [1m[33m[39m[22m
<w> [1m[33mMore info: https://sass-lang.com/d/mixed-decls[39m[22m
<w> [1m[33m[39m[22m
<w> [1m[33msrc\styles\components\_navigation.scss 72:3  @import[39m[22m
<w> [1m[33msrc\styles\styles.scss 10:9                  root stylesheet[39m[22m
<w> [1m[33m[39m[22m
<w> [1m[33mDeprecation Sass's behavior for declarations that appear after nested[39m[22m
<w> [1m[33mrules will be changing to match the behavior specified by CSS in an upcoming[39m[22m
<w> [1m[33mversion. To keep the existing behavior, move the declaration above the nested[39m[22m
<w> [1m[33mrule. To opt into the new behavior, wrap the declaration in `& {}`.[39m[22m
<w> [1m[33m[39m[22m
<w> [1m[33mMore info: https://sass-lang.com/d/mixed-decls[39m[22m
<w> [1m[33m[39m[22m
<w> [1m[33msrc\styles\components\_navigation.scss 78:3  @import[39m[22m
<w> [1m[33msrc\styles\styles.scss 10:9                  root stylesheet[39m[22m
<w> [1m[33m[39m[22m
<w> [1m[33m1 repetitive deprecation warnings omitted.[39m[22m
<w> [1m[33m[39m[22m
<w> [1m[33mnull[39m[22m

webpack compiled [1m[32msuccessfully[39m[22m
Compiling...
Compiled successfully!
[1mLOG from ./node_modules/sass-loader/dist/cjs.js sass-loader ./node_modules/css-loader/dist/cjs.js??ruleSet[1].rules[1].oneOf[7].use[1]!./node_modules/postcss-loader/dist/cjs.js??ruleSet[1].rules[1].oneOf[7].use[2]!./node_modules/resolve-url-loader/index.js??ruleSet[1].rules[1].oneOf[7].use[3]!./node_modules/sass-loader/dist/cjs.js??ruleSet[1].rules[1].oneOf[7].use[4]!./src/styles/styles.scss[39m[22m
<w> [1m[33mDeprecation Sass's behavior for declarations that appear after nested[39m[22m
<w> [1m[33mrules will be changing to match the behavior specified by CSS in an upcoming[39m[22m
<w> [1m[33mversion. To keep the existing behavior, move the declaration above the nested[39m[22m
<w> [1m[33mrule. To opt into the new behavior, wrap the declaration in `& {}`.[39m[22m
<w> [1m[33m[39m[22m
<w> [1m[33mMore info: https://sass-lang.com/d/mixed-decls[39m[22m
<w> [1m[33m[39m[22m
<w> [1m[33msrc\styles\components\_navigation.scss 69:3  @import[39m[22m
<w> [1m[33msrc\styles\styles.scss 10:9                  root stylesheet[39m[22m
<w> [1m[33m[39m[22m
<w> [1m[33mDeprecation Sass's behavior for declarations that appear after nested[39m[22m
<w> [1m[33mrules will be changing to match the behavior specified by CSS in an upcoming[39m[22m
<w> [1m[33mversion. To keep the existing behavior, move the declaration above the nested[39m[22m
<w> [1m[33mrule. To opt into the new behavior, wrap the declaration in `& {}`.[39m[22m
<w> [1m[33m[39m[22m
<w> [1m[33mMore info: https://sass-lang.com/d/mixed-decls[39m[22m
<w> [1m[33m[39m[22m
<w> [1m[33msrc\styles\components\_navigation.scss 70:3  @import[39m[22m
<w> [1m[33msrc\styles\styles.scss 10:9                  root stylesheet[39m[22m
<w> [1m[33m[39m[22m
<w> [1m[33mDeprecation Sass's behavior for declarations that appear after nested[39m[22m
<w> [1m[33mrules will be changing to match the behavior specified by CSS in an upcoming[39m[22m
<w> [1m[33mversion. To keep the existing behavior, move the declaration above the nested[39m[22m
<w> [1m[33mrule. To opt into the new behavior, wrap the declaration in `& {}`.[39m[22m
<w> [1m[33m[39m[22m
<w> [1m[33mMore info: https://sass-lang.com/d/mixed-decls[39m[22m
<w> [1m[33m[39m[22m
<w> [1m[33msrc\styles\components\_navigation.scss 71:3  @import[39m[22m
<w> [1m[33msrc\styles\styles.scss 10:9                  root stylesheet[39m[22m
<w> [1m[33m[39m[22m
<w> [1m[33mDeprecation Sass's behavior for declarations that appear after nested[39m[22m
<w> [1m[33mrules will be changing to match the behavior specified by CSS in an upcoming[39m[22m
<w> [1m[33mversion. To keep the existing behavior, move the declaration above the nested[39m[22m
<w> [1m[33mrule. To opt into the new behavior, wrap the declaration in `& {}`.[39m[22m
<w> [1m[33m[39m[22m
<w> [1m[33mMore info: https://sass-lang.com/d/mixed-decls[39m[22m
<w> [1m[33m[39m[22m
<w> [1m[33msrc\styles\components\_navigation.scss 72:3  @import[39m[22m
<w> [1m[33msrc\styles\styles.scss 10:9                  root stylesheet[39m[22m
<w> [1m[33m[39m[22m
<w> [1m[33mDeprecation Sass's behavior for declarations that appear after nested[39m[22m
<w> [1m[33mrules will be changing to match the behavior specified by CSS in an upcoming[39m[22m
<w> [1m[33mversion. To keep the existing behavior, move the declaration above the nested[39m[22m
<w> [1m[33mrule. To opt into the new behavior, wrap the declaration in `& {}`.[39m[22m
<w> [1m[33m[39m[22m
<w> [1m[33mMore info: https://sass-lang.com/d/mixed-decls[39m[22m
<w> [1m[33m[39m[22m
<w> [1m[33msrc\styles\components\_navigation.scss 78:3  @import[39m[22m
<w> [1m[33msrc\styles\styles.scss 10:9                  root stylesheet[39m[22m
<w> [1m[33m[39m[22m
<w> [1m[33m1 repetitive deprecation warnings omitted.[39m[22m
<w> [1m[33m[39m[22m
<w> [1m[33mnull[39m[22m

webpack compiled [1m[32msuccessfully[39m[22m
Compiling...
Compiled successfully!
webpack compiled [1m[32msuccessfully[39m[22m
Compiling...
Compiled successfully!
webpack compiled [1m[32msuccessfully[39m[22m
Compiling...
Compiled successfully!
webpack compiled [1m[32msuccessfully[39m[22m
Compiling...
Compiled successfully!
webpack compiled [1m[32msuccessfully[39m[22m
Compiling...
Compiled successfully!
webpack compiled [1m[32msuccessfully[39m[22m
Compiling...
Compiled successfully!
webpack compiled [1m[32msuccessfully[39m[22m
Compiling...
Compiled successfully!
webpack compiled [1m[32msuccessfully[39m[22m
Compiling...
Compiled successfully!
webpack compiled [1m[32msuccessfully[39m[22m
